<?xml version="1.0" encoding="UTF-8"?>
<testsuites>
  <testsuite name="/home/josecnr91/.openclaw/workspace/convoca-core/phpunit-unit.xml" tests="65" assertions="235" errors="0" failures="0" skipped="0" time="0.029477">
    <testsuite name="unit" tests="65" assertions="235" errors="0" failures="0" skipped="0" time="0.029477">
      <testsuite name="Convoca\Core\Tests\CapabilitiesTest" file="/home/josecnr91/.openclaw/workspace/convoca-core/tests/Unit/CapabilitiesTest.php" tests="7" assertions="106" errors="0" failures="0" skipped="0" time="0.008139">
        <testcase name="test_get_all_returns_array" file="/home/josecnr91/.openclaw/workspace/convoca-core/tests/Unit/CapabilitiesTest.php" line="18" class="Convoca\Core\Tests\CapabilitiesTest" classname="Convoca.Core.Tests.CapabilitiesTest" assertions="2" time="0.005108"/>
        <testcase name="test_get_all_structure" file="/home/josecnr91/.openclaw/workspace/convoca-core/tests/Unit/CapabilitiesTest.php" line="25" class="Convoca\Core\Tests\CapabilitiesTest" classname="Convoca.Core.Tests.CapabilitiesTest" assertions="70" time="0.001073"/>
        <testcase name="test_admin_has_manage_webhooks" file="/home/josecnr91/.openclaw/workspace/convoca-core/tests/Unit/CapabilitiesTest.php" line="37" class="Convoca\Core\Tests\CapabilitiesTest" classname="Convoca.Core.Tests.CapabilitiesTest" assertions="2" time="0.000418"/>
        <testcase name="test_convoca_caps_have_admin_role" file="/home/josecnr91/.openclaw/workspace/convoca-core/tests/Unit/CapabilitiesTest.php" line="51" class="Convoca\Core\Tests\CapabilitiesTest" classname="Convoca.Core.Tests.CapabilitiesTest" assertions="11" time="0.000198"/>
        <testcase name="test_subscriber_has_no_convoca_caps" file="/home/josecnr91/.openclaw/workspace/convoca-core/tests/Unit/CapabilitiesTest.php" line="65" class="Convoca\Core\Tests\CapabilitiesTest" classname="Convoca.Core.Tests.CapabilitiesTest" assertions="14" time="0.000281"/>
        <testcase name="test_export_members_is_admin_only" file="/home/josecnr91/.openclaw/workspace/convoca-core/tests/Unit/CapabilitiesTest.php" line="73" class="Convoca\Core\Tests\CapabilitiesTest" classname="Convoca.Core.Tests.CapabilitiesTest" assertions="2" time="0.000456"/>
        <testcase name="test_get_all_returns_expected_capabilities" file="/home/josecnr91/.openclaw/workspace/convoca-core/tests/Unit/CapabilitiesTest.php" line="80" class="Convoca\Core\Tests\CapabilitiesTest" classname="Convoca.Core.Tests.CapabilitiesTest" assertions="5" time="0.000604"/>
      </testsuite>
      <testsuite name="Convoca\Core\Tests\FeaturesTest" file="/home/josecnr91/.openclaw/workspace/convoca-core/tests/Unit/FeaturesTest.php" tests="8" assertions="9" errors="0" failures="0" skipped="0" time="0.012112">
        <testcase name="test_is_enroll_active_when_constant_defined" file="/home/josecnr91/.openclaw/workspace/convoca-core/tests/Unit/FeaturesTest.php" line="20" class="Convoca\Core\Tests\FeaturesTest" classname="Convoca.Core.Tests.FeaturesTest" assertions="1" time="0.000293"/>
        <testcase name="test_is_enroll_active_when_not_defined" file="/home/josecnr91/.openclaw/workspace/convoca-core/tests/Unit/FeaturesTest.php" line="31" class="Convoca\Core\Tests\FeaturesTest" classname="Convoca.Core.Tests.FeaturesTest" assertions="1" time="0.005087"/>
        <testcase name="test_is_gateway_active_by_constant" file="/home/josecnr91/.openclaw/workspace/convoca-core/tests/Unit/FeaturesTest.php" line="40" class="Convoca\Core\Tests\FeaturesTest" classname="Convoca.Core.Tests.FeaturesTest" assertions="1" time="0.000163"/>
        <testcase name="test_is_members_active_by_constant" file="/home/josecnr91/.openclaw/workspace/convoca-core/tests/Unit/FeaturesTest.php" line="50" class="Convoca\Core\Tests\FeaturesTest" classname="Convoca.Core.Tests.FeaturesTest" assertions="1" time="0.000087"/>
        <testcase name="test_get_missing_dependencies_returns_empty_when_all_present" file="/home/josecnr91/.openclaw/workspace/convoca-core/tests/Unit/FeaturesTest.php" line="60" class="Convoca\Core\Tests\FeaturesTest" classname="Convoca.Core.Tests.FeaturesTest" assertions="1" time="0.000091"/>
        <testcase name="test_get_missing_dependencies_returns_missing_plugin" file="/home/josecnr91/.openclaw/workspace/convoca-core/tests/Unit/FeaturesTest.php" line="78" class="Convoca\Core\Tests\FeaturesTest" classname="Convoca.Core.Tests.FeaturesTest" assertions="2" time="0.005949"/>
        <testcase name="test_get_missing_dependencies_ignores_unknown_features" file="/home/josecnr91/.openclaw/workspace/convoca-core/tests/Unit/FeaturesTest.php" line="93" class="Convoca\Core\Tests\FeaturesTest" classname="Convoca.Core.Tests.FeaturesTest" assertions="1" time="0.000281"/>
        <testcase name="test_is_shifts_active_by_constant" file="/home/josecnr91/.openclaw/workspace/convoca-core/tests/Unit/FeaturesTest.php" line="103" class="Convoca\Core\Tests\FeaturesTest" classname="Convoca.Core.Tests.FeaturesTest" assertions="1" time="0.000161"/>
      </testsuite>
      <testsuite name="Convoca\Core\Tests\LicenseManagerTest" file="/home/josecnr91/.openclaw/workspace/convoca-core/tests/Unit/LicenseManagerTest.php" tests="23" assertions="79" errors="0" failures="0" skipped="0" time="0.003702">
        <testcase name="test_pro_features_has_nine_keys" file="/home/josecnr91/.openclaw/workspace/convoca-core/tests/Unit/LicenseManagerTest.php" line="72" class="Convoca\Core\Tests\LicenseManagerTest" classname="Convoca.Core.Tests.LicenseManagerTest" assertions="1" time="0.001540"/>
        <testcase name="test_pro_features_expected_keys" file="/home/josecnr91/.openclaw/workspace/convoca-core/tests/Unit/LicenseManagerTest.php" line="83" class="Convoca\Core\Tests\LicenseManagerTest" classname="Convoca.Core.Tests.LicenseManagerTest" assertions="11" time="0.000277"/>
        <testcase name="test_pro_features_values_are_non_empty" file="/home/josecnr91/.openclaw/workspace/convoca-core/tests/Unit/LicenseManagerTest.php" line="111" class="Convoca\Core\Tests\LicenseManagerTest" classname="Convoca.Core.Tests.LicenseManagerTest" assertions="22" time="0.000248"/>
        <testcase name="test_has_pro_false_when_no_license_key" file="/home/josecnr91/.openclaw/workspace/convoca-core/tests/Unit/LicenseManagerTest.php" line="130" class="Convoca\Core\Tests\LicenseManagerTest" classname="Convoca.Core.Tests.LicenseManagerTest" assertions="1" time="0.000176"/>
        <testcase name="test_has_pro_false_for_all_features_when_no_key" file="/home/josecnr91/.openclaw/workspace/convoca-core/tests/Unit/LicenseManagerTest.php" line="145" class="Convoca\Core\Tests\LicenseManagerTest" classname="Convoca.Core.Tests.LicenseManagerTest" assertions="11" time="0.000134"/>
        <testcase name="test_has_pro_false_when_expired" file="/home/josecnr91/.openclaw/workspace/convoca-core/tests/Unit/LicenseManagerTest.php" line="166" class="Convoca\Core\Tests\LicenseManagerTest" classname="Convoca.Core.Tests.LicenseManagerTest" assertions="1" time="0.000105"/>
        <testcase name="test_has_pro_false_when_expired_even_with_matching_feature" file="/home/josecnr91/.openclaw/workspace/convoca-core/tests/Unit/LicenseManagerTest.php" line="183" class="Convoca\Core\Tests\LicenseManagerTest" classname="Convoca.Core.Tests.LicenseManagerTest" assertions="1" time="0.000086"/>
        <testcase name="test_has_pro_true_when_unlimited" file="/home/josecnr91/.openclaw/workspace/convoca-core/tests/Unit/LicenseManagerTest.php" line="205" class="Convoca\Core\Tests\LicenseManagerTest" classname="Convoca.Core.Tests.LicenseManagerTest" assertions="1" time="0.000072"/>
        <testcase name="test_has_pro_true_for_all_features_when_unlimited" file="/home/josecnr91/.openclaw/workspace/convoca-core/tests/Unit/LicenseManagerTest.php" line="221" class="Convoca\Core\Tests\LicenseManagerTest" classname="Convoca.Core.Tests.LicenseManagerTest" assertions="11" time="0.000109"/>
        <testcase name="test_has_pro_false_when_unlimited_with_past_expiry" file="/home/josecnr91/.openclaw/workspace/convoca-core/tests/Unit/LicenseManagerTest.php" line="240" class="Convoca\Core\Tests\LicenseManagerTest" classname="Convoca.Core.Tests.LicenseManagerTest" assertions="1" time="0.000072"/>
        <testcase name="test_has_pro_true_when_feature_in_array" file="/home/josecnr91/.openclaw/workspace/convoca-core/tests/Unit/LicenseManagerTest.php" line="263" class="Convoca\Core\Tests\LicenseManagerTest" classname="Convoca.Core.Tests.LicenseManagerTest" assertions="2" time="0.000078"/>
        <testcase name="test_has_pro_false_when_feature_not_in_array" file="/home/josecnr91/.openclaw/workspace/convoca-core/tests/Unit/LicenseManagerTest.php" line="285" class="Convoca\Core\Tests\LicenseManagerTest" classname="Convoca.Core.Tests.LicenseManagerTest" assertions="2" time="0.000068"/>
        <testcase name="test_has_pro_false_with_empty_features_array" file="/home/josecnr91/.openclaw/workspace/convoca-core/tests/Unit/LicenseManagerTest.php" line="307" class="Convoca\Core\Tests\LicenseManagerTest" classname="Convoca.Core.Tests.LicenseManagerTest" assertions="1" time="0.000063"/>
        <testcase name="test_has_pro_false_for_unknown_feature" file="/home/josecnr91/.openclaw/workspace/convoca-core/tests/Unit/LicenseManagerTest.php" line="324" class="Convoca\Core\Tests\LicenseManagerTest" classname="Convoca.Core.Tests.LicenseManagerTest" assertions="1" time="0.000062"/>
        <testcase name="test_status_label_activa" file="/home/josecnr91/.openclaw/workspace/convoca-core/tests/Unit/LicenseManagerTest.php" line="345" class="Convoca\Core\Tests\LicenseManagerTest" classname="Convoca.Core.Tests.LicenseManagerTest" assertions="1" time="0.000067"/>
        <testcase name="test_status_label_expirada" file="/home/josecnr91/.openclaw/workspace/convoca-core/tests/Unit/LicenseManagerTest.php" line="361" class="Convoca\Core\Tests\LicenseManagerTest" classname="Convoca.Core.Tests.LicenseManagerTest" assertions="1" time="0.000064"/>
        <testcase name="test_status_label_invalida" file="/home/josecnr91/.openclaw/workspace/convoca-core/tests/Unit/LicenseManagerTest.php" line="377" class="Convoca\Core\Tests\LicenseManagerTest" classname="Convoca.Core.Tests.LicenseManagerTest" assertions="1" time="0.000063"/>
        <testcase name="test_status_label_inactiva" file="/home/josecnr91/.openclaw/workspace/convoca-core/tests/Unit/LicenseManagerTest.php" line="393" class="Convoca\Core\Tests\LicenseManagerTest" classname="Convoca.Core.Tests.LicenseManagerTest" assertions="1" time="0.000064"/>
        <testcase name="test_status_label_default_for_unknown_status" file="/home/josecnr91/.openclaw/workspace/convoca-core/tests/Unit/LicenseManagerTest.php" line="409" class="Convoca\Core\Tests\LicenseManagerTest" classname="Convoca.Core.Tests.LicenseManagerTest" assertions="1" time="0.000063"/>
        <testcase name="test_status_label_default_when_status_missing" file="/home/josecnr91/.openclaw/workspace/convoca-core/tests/Unit/LicenseManagerTest.php" line="425" class="Convoca\Core\Tests\LicenseManagerTest" classname="Convoca.Core.Tests.LicenseManagerTest" assertions="1" time="0.000064"/>
        <testcase name="test_status_label_returns_string" file="/home/josecnr91/.openclaw/workspace/convoca-core/tests/Unit/LicenseManagerTest.php" line="441" class="Convoca\Core\Tests\LicenseManagerTest" classname="Convoca.Core.Tests.LicenseManagerTest" assertions="4" time="0.000080"/>
        <testcase name="test_has_pro_false_for_free_type" file="/home/josecnr91/.openclaw/workspace/convoca-core/tests/Unit/LicenseManagerTest.php" line="465" class="Convoca\Core\Tests\LicenseManagerTest" classname="Convoca.Core.Tests.LicenseManagerTest" assertions="1" time="0.000085"/>
        <testcase name="test_has_pro_false_for_free_type_with_features" file="/home/josecnr91/.openclaw/workspace/convoca-core/tests/Unit/LicenseManagerTest.php" line="480" class="Convoca\Core\Tests\LicenseManagerTest" classname="Convoca.Core.Tests.LicenseManagerTest" assertions="1" time="0.000063"/>
      </testsuite>
      <testsuite name="Convoca\Core\Tests\LoggerTest" file="/home/josecnr91/.openclaw/workspace/convoca-core/tests/Unit/LoggerTest.php" tests="13" assertions="23" errors="0" failures="0" skipped="0" time="0.002984">
        <testcase name="test_log_accepts_levels" file="/home/josecnr91/.openclaw/workspace/convoca-core/tests/Unit/LoggerTest.php" line="36" class="Convoca\Core\Tests\LoggerTest" classname="Convoca.Core.Tests.LoggerTest" assertions="1" time="0.000731"/>
        <testcase name="test_log_long_message" file="/home/josecnr91/.openclaw/workspace/convoca-core/tests/Unit/LoggerTest.php" line="55" class="Convoca\Core\Tests\LoggerTest" classname="Convoca.Core.Tests.LoggerTest" assertions="1" time="0.000082"/>
        <testcase name="test_log_empty_message" file="/home/josecnr91/.openclaw/workspace/convoca-core/tests/Unit/LoggerTest.php" line="67" class="Convoca\Core\Tests\LoggerTest" classname="Convoca.Core.Tests.LoggerTest" assertions="1" time="0.000063"/>
        <testcase name="test_log_special_chars" file="/home/josecnr91/.openclaw/workspace/convoca-core/tests/Unit/LoggerTest.php" line="78" class="Convoca\Core\Tests\LoggerTest" classname="Convoca.Core.Tests.LoggerTest" assertions="1" time="0.000065"/>
        <testcase name="test_log_null_object_id" file="/home/josecnr91/.openclaw/workspace/convoca-core/tests/Unit/LoggerTest.php" line="91" class="Convoca\Core\Tests\LoggerTest" classname="Convoca.Core.Tests.LoggerTest" assertions="1" time="0.000058"/>
        <testcase name="test_get_logs_returns_array" file="/home/josecnr91/.openclaw/workspace/convoca-core/tests/Unit/LoggerTest.php" line="102" class="Convoca\Core\Tests\LoggerTest" classname="Convoca.Core.Tests.LoggerTest" assertions="1" time="0.000065"/>
        <testcase name="test_get_logs_with_filters" file="/home/josecnr91/.openclaw/workspace/convoca-core/tests/Unit/LoggerTest.php" line="113" class="Convoca\Core\Tests\LoggerTest" classname="Convoca.Core.Tests.LoggerTest" assertions="6" time="0.000920"/>
        <testcase name="test_get_logs_invalid_limit" file="/home/josecnr91/.openclaw/workspace/convoca-core/tests/Unit/LoggerTest.php" line="135" class="Convoca\Core\Tests\LoggerTest" classname="Convoca.Core.Tests.LoggerTest" assertions="2" time="0.000188"/>
        <testcase name="test_get_stats_structure" file="/home/josecnr91/.openclaw/workspace/convoca-core/tests/Unit/LoggerTest.php" line="151" class="Convoca\Core\Tests\LoggerTest" classname="Convoca.Core.Tests.LoggerTest" assertions="5" time="0.000287"/>
        <testcase name="test_cleanup_runs" file="/home/josecnr91/.openclaw/workspace/convoca-core/tests/Unit/LoggerTest.php" line="167" class="Convoca\Core\Tests\LoggerTest" classname="Convoca.Core.Tests.LoggerTest" assertions="1" time="0.000130"/>
        <testcase name="test_purge_old_logs_runs" file="/home/josecnr91/.openclaw/workspace/convoca-core/tests/Unit/LoggerTest.php" line="179" class="Convoca\Core\Tests\LoggerTest" classname="Convoca.Core.Tests.LoggerTest" assertions="1" time="0.000117"/>
        <testcase name="test_rapid_log_calls" file="/home/josecnr91/.openclaw/workspace/convoca-core/tests/Unit/LoggerTest.php" line="190" class="Convoca\Core\Tests\LoggerTest" classname="Convoca.Core.Tests.LoggerTest" assertions="1" time="0.000156"/>
        <testcase name="test_recursion_prevention" file="/home/josecnr91/.openclaw/workspace/convoca-core/tests/Unit/LoggerTest.php" line="203" class="Convoca\Core\Tests\LoggerTest" classname="Convoca.Core.Tests.LoggerTest" assertions="1" time="0.000122"/>
      </testsuite>
      <testsuite name="Convoca\Core\Tests\UtilsTest" file="/home/josecnr91/.openclaw/workspace/convoca-core/tests/Unit/UtilsTest.php" tests="14" assertions="18" errors="0" failures="0" skipped="0" time="0.002540">
        <testcase name="test_valid_dni" file="/home/josecnr91/.openclaw/workspace/convoca-core/tests/Unit/UtilsTest.php" line="20" class="Convoca\Core\Tests\UtilsTest" classname="Convoca.Core.Tests.UtilsTest" assertions="2" time="0.001714"/>
        <testcase name="test_dni_with_lowercase" file="/home/josecnr91/.openclaw/workspace/convoca-core/tests/Unit/UtilsTest.php" line="26" class="Convoca\Core\Tests\UtilsTest" classname="Convoca.Core.Tests.UtilsTest" assertions="1" time="0.000076"/>
        <testcase name="test_dni_with_spaces" file="/home/josecnr91/.openclaw/workspace/convoca-core/tests/Unit/UtilsTest.php" line="31" class="Convoca\Core\Tests\UtilsTest" classname="Convoca.Core.Tests.UtilsTest" assertions="1" time="0.000064"/>
        <testcase name="test_invalid_dni_letter" file="/home/josecnr91/.openclaw/workspace/convoca-core/tests/Unit/UtilsTest.php" line="36" class="Convoca\Core\Tests\UtilsTest" classname="Convoca.Core.Tests.UtilsTest" assertions="2" time="0.000068"/>
        <testcase name="test_dni_too_short" file="/home/josecnr91/.openclaw/workspace/convoca-core/tests/Unit/UtilsTest.php" line="42" class="Convoca\Core\Tests\UtilsTest" classname="Convoca.Core.Tests.UtilsTest" assertions="1" time="0.000060"/>
        <testcase name="test_dni_too_long" file="/home/josecnr91/.openclaw/workspace/convoca-core/tests/Unit/UtilsTest.php" line="47" class="Convoca\Core\Tests\UtilsTest" classname="Convoca.Core.Tests.UtilsTest" assertions="1" time="0.000084"/>
        <testcase name="test_dni_empty" file="/home/josecnr91/.openclaw/workspace/convoca-core/tests/Unit/UtilsTest.php" line="52" class="Convoca\Core\Tests\UtilsTest" classname="Convoca.Core.Tests.UtilsTest" assertions="2" time="0.000063"/>
        <testcase name="test_valid_nie_x" file="/home/josecnr91/.openclaw/workspace/convoca-core/tests/Unit/UtilsTest.php" line="60" class="Convoca\Core\Tests\UtilsTest" classname="Convoca.Core.Tests.UtilsTest" assertions="1" time="0.000059"/>
        <testcase name="test_valid_nie_y" file="/home/josecnr91/.openclaw/workspace/convoca-core/tests/Unit/UtilsTest.php" line="65" class="Convoca\Core\Tests\UtilsTest" classname="Convoca.Core.Tests.UtilsTest" assertions="1" time="0.000057"/>
        <testcase name="test_valid_nie_z" file="/home/josecnr91/.openclaw/workspace/convoca-core/tests/Unit/UtilsTest.php" line="70" class="Convoca\Core\Tests\UtilsTest" classname="Convoca.Core.Tests.UtilsTest" assertions="1" time="0.000058"/>
        <testcase name="test_invalid_nie_letter" file="/home/josecnr91/.openclaw/workspace/convoca-core/tests/Unit/UtilsTest.php" line="75" class="Convoca\Core\Tests\UtilsTest" classname="Convoca.Core.Tests.UtilsTest" assertions="1" time="0.000057"/>
        <testcase name="test_nie_lowercase" file="/home/josecnr91/.openclaw/workspace/convoca-core/tests/Unit/UtilsTest.php" line="82" class="Convoca\Core\Tests\UtilsTest" classname="Convoca.Core.Tests.UtilsTest" assertions="1" time="0.000058"/>
        <testcase name="test_dni_with_hyphen" file="/home/josecnr91/.openclaw/workspace/convoca-core/tests/Unit/UtilsTest.php" line="87" class="Convoca\Core\Tests\UtilsTest" classname="Convoca.Core.Tests.UtilsTest" assertions="1" time="0.000058"/>
        <testcase name="test_bad_format" file="/home/josecnr91/.openclaw/workspace/convoca-core/tests/Unit/UtilsTest.php" line="92" class="Convoca\Core\Tests\UtilsTest" classname="Convoca.Core.Tests.UtilsTest" assertions="2" time="0.000063"/>
      </testsuite>
    </testsuite>
  </testsuite>
</testsuites>
